// Jest Snapshot v1, https://goo.gl/fbAQLP

exports[`Portal renders correctly - mount 1`] = `ReactWrapper {}`;

exports[`Portal renders correctly - shallow 1`] = `ShallowWrapper {}`;
