// Jest Snapshot v1, https://goo.gl/fbAQLP

exports[`Switch - renders renders correctly - mount 1`] = `ReactWrapper {}`;

exports[`Switch - renders renders correctly - render 1`] = `
initialize {
  "0": Object {
    "attribs": Object {
      "aria-checked": "false",
      "class": "hfdc-switch",
      "role": "switch",
      "type": "button",
    },
    "children": Array [
      Object {
        "attribs": Object {
          "class": "hfdc-switch-inner",
        },
        "children": Array [
          Object {
            "data": "unchecked",
            "next": null,
            "parent": [Circular],
            "prev": null,
            "type": "text",
          },
        ],
        "name": "span",
        "namespace": "http://www.w3.org/1999/xhtml",
        "next": null,
        "parent": [Circular],
        "prev": null,
        "type": "tag",
        "x-attribsNamespace": Object {
          "class": undefined,
        },
        "x-attribsPrefix": Object {
          "class": undefined,
        },
      },
    ],
    "name": "button",
    "namespace": "http://www.w3.org/1999/xhtml",
    "next": null,
    "parent": null,
    "prev": null,
    "root": Object {
      "attribs": Object {},
      "children": Array [
        [Circular],
      ],
      "name": "root",
      "namespace": "http://www.w3.org/1999/xhtml",
      "next": null,
      "parent": null,
      "prev": null,
      "type": "root",
      "x-attribsNamespace": Object {},
      "x-attribsPrefix": Object {},
    },
    "type": "tag",
    "x-attribsNamespace": Object {
      "aria-checked": undefined,
      "class": undefined,
      "role": undefined,
      "type": undefined,
    },
    "x-attribsPrefix": Object {
      "aria-checked": undefined,
      "class": undefined,
      "role": undefined,
      "type": undefined,
    },
  },
  "_root": [Circular],
  "length": 1,
  "options": Object {
    "decodeEntities": true,
    "normalizeWhitespace": false,
    "withDomLvl1": true,
    "xml": false,
  },
}
`;

exports[`Switch - renders renders correctly - shallow 1`] = `ShallowWrapper {}`;
