// Jest Snapshot v1, https://goo.gl/fbAQLP

exports[`Progress renders correctly 1`] = `
initialize {
  "0": Object {
    "attribs": Object {},
    "children": Array [
      Object {
        "attribs": Object {
          "class": "progress-section",
        },
        "children": Array [
          Object {
            "attribs": Object {
              "class": "progress-parent",
            },
            "children": Array [
              Object {
                "attribs": Object {
                  "class": "progress-children",
                  "style": "width:2000px",
                },
                "children": Array [],
                "name": "div",
                "namespace": "http://www.w3.org/1999/xhtml",
                "next": null,
                "parent": [Circular],
                "prev": null,
                "type": "tag",
                "x-attribsNamespace": Object {
                  "class": undefined,
                  "style": undefined,
                },
                "x-attribsPrefix": Object {
                  "class": undefined,
                  "style": undefined,
                },
              },
            ],
            "name": "div",
            "namespace": "http://www.w3.org/1999/xhtml",
            "next": Object {
              "attribs": Object {
                "class": "process-text",
              },
              "children": Array [
                Object {
                  "data": "1000%",
                  "next": null,
                  "parent": [Circular],
                  "prev": null,
                  "type": "text",
                },
              ],
              "name": "p",
              "namespace": "http://www.w3.org/1999/xhtml",
              "next": Object {
                "attribs": Object {},
                "children": Array [
                  Object {
                    "data": "
              .progress-section {
                width: 240px;
                height: 10px;
                display: flex;
                justify-content: space-between;
                align-items: center;
              }
              .progress-parent {
                width: 200px;
                height: 10px;
                // border: 2px solid #f5f5f5;
                background: #f5f5f5;
                border-radius: 10px;
                overflow: hidden;
              }
              .progress-children {
                width: 100px;
                height: 10px;
                background: green;
              }
              .process-text {
                font-size: 10px;
                color: green;
              }
            ",
                    "next": null,
                    "parent": [Circular],
                    "prev": null,
                    "type": "text",
                  },
                ],
                "name": "style",
                "namespace": "http://www.w3.org/1999/xhtml",
                "next": null,
                "parent": [Circular],
                "prev": [Circular],
                "type": "style",
                "x-attribsNamespace": Object {},
                "x-attribsPrefix": Object {},
              },
              "parent": [Circular],
              "prev": [Circular],
              "type": "tag",
              "x-attribsNamespace": Object {
                "class": undefined,
              },
              "x-attribsPrefix": Object {
                "class": undefined,
              },
            },
            "parent": [Circular],
            "prev": null,
            "type": "tag",
            "x-attribsNamespace": Object {
              "class": undefined,
            },
            "x-attribsPrefix": Object {
              "class": undefined,
            },
          },
          Object {
            "attribs": Object {
              "class": "process-text",
            },
            "children": Array [
              Object {
                "data": "1000%",
                "next": null,
                "parent": [Circular],
                "prev": null,
                "type": "text",
              },
            ],
            "name": "p",
            "namespace": "http://www.w3.org/1999/xhtml",
            "next": Object {
              "attribs": Object {},
              "children": Array [
                Object {
                  "data": "
              .progress-section {
                width: 240px;
                height: 10px;
                display: flex;
                justify-content: space-between;
                align-items: center;
              }
              .progress-parent {
                width: 200px;
                height: 10px;
                // border: 2px solid #f5f5f5;
                background: #f5f5f5;
                border-radius: 10px;
                overflow: hidden;
              }
              .progress-children {
                width: 100px;
                height: 10px;
                background: green;
              }
              .process-text {
                font-size: 10px;
                color: green;
              }
            ",
                  "next": null,
                  "parent": [Circular],
                  "prev": null,
                  "type": "text",
                },
              ],
              "name": "style",
              "namespace": "http://www.w3.org/1999/xhtml",
              "next": null,
              "parent": [Circular],
              "prev": [Circular],
              "type": "style",
              "x-attribsNamespace": Object {},
              "x-attribsPrefix": Object {},
            },
            "parent": [Circular],
            "prev": Object {
              "attribs": Object {
                "class": "progress-parent",
              },
              "children": Array [
                Object {
                  "attribs": Object {
                    "class": "progress-children",
                    "style": "width:2000px",
                  },
                  "children": Array [],
                  "name": "div",
                  "namespace": "http://www.w3.org/1999/xhtml",
                  "next": null,
                  "parent": [Circular],
                  "prev": null,
                  "type": "tag",
                  "x-attribsNamespace": Object {
                    "class": undefined,
                    "style": undefined,
                  },
                  "x-attribsPrefix": Object {
                    "class": undefined,
                    "style": undefined,
                  },
                },
              ],
              "name": "div",
              "namespace": "http://www.w3.org/1999/xhtml",
              "next": [Circular],
              "parent": [Circular],
              "prev": null,
              "type": "tag",
              "x-attribsNamespace": Object {
                "class": undefined,
              },
              "x-attribsPrefix": Object {
                "class": undefined,
              },
            },
            "type": "tag",
            "x-attribsNamespace": Object {
              "class": undefined,
            },
            "x-attribsPrefix": Object {
              "class": undefined,
            },
          },
          Object {
            "attribs": Object {},
            "children": Array [
              Object {
                "data": "
              .progress-section {
                width: 240px;
                height: 10px;
                display: flex;
                justify-content: space-between;
                align-items: center;
              }
              .progress-parent {
                width: 200px;
                height: 10px;
                // border: 2px solid #f5f5f5;
                background: #f5f5f5;
                border-radius: 10px;
                overflow: hidden;
              }
              .progress-children {
                width: 100px;
                height: 10px;
                background: green;
              }
              .process-text {
                font-size: 10px;
                color: green;
              }
            ",
                "next": null,
                "parent": [Circular],
                "prev": null,
                "type": "text",
              },
            ],
            "name": "style",
            "namespace": "http://www.w3.org/1999/xhtml",
            "next": null,
            "parent": [Circular],
            "prev": Object {
              "attribs": Object {
                "class": "process-text",
              },
              "children": Array [
                Object {
                  "data": "1000%",
                  "next": null,
                  "parent": [Circular],
                  "prev": null,
                  "type": "text",
                },
              ],
              "name": "p",
              "namespace": "http://www.w3.org/1999/xhtml",
              "next": [Circular],
              "parent": [Circular],
              "prev": Object {
                "attribs": Object {
                  "class": "progress-parent",
                },
                "children": Array [
                  Object {
                    "attribs": Object {
                      "class": "progress-children",
                      "style": "width:2000px",
                    },
                    "children": Array [],
                    "name": "div",
                    "namespace": "http://www.w3.org/1999/xhtml",
                    "next": null,
                    "parent": [Circular],
                    "prev": null,
                    "type": "tag",
                    "x-attribsNamespace": Object {
                      "class": undefined,
                      "style": undefined,
                    },
                    "x-attribsPrefix": Object {
                      "class": undefined,
                      "style": undefined,
                    },
                  },
                ],
                "name": "div",
                "namespace": "http://www.w3.org/1999/xhtml",
                "next": [Circular],
                "parent": [Circular],
                "prev": null,
                "type": "tag",
                "x-attribsNamespace": Object {
                  "class": undefined,
                },
                "x-attribsPrefix": Object {
                  "class": undefined,
                },
              },
              "type": "tag",
              "x-attribsNamespace": Object {
                "class": undefined,
              },
              "x-attribsPrefix": Object {
                "class": undefined,
              },
            },
            "type": "style",
            "x-attribsNamespace": Object {},
            "x-attribsPrefix": Object {},
          },
        ],
        "name": "div",
        "namespace": "http://www.w3.org/1999/xhtml",
        "next": null,
        "parent": [Circular],
        "prev": null,
        "type": "tag",
        "x-attribsNamespace": Object {
          "class": undefined,
        },
        "x-attribsPrefix": Object {
          "class": undefined,
        },
      },
    ],
    "name": "div",
    "namespace": "http://www.w3.org/1999/xhtml",
    "next": null,
    "parent": null,
    "prev": null,
    "root": Object {
      "attribs": Object {},
      "children": Array [
        [Circular],
      ],
      "name": "root",
      "namespace": "http://www.w3.org/1999/xhtml",
      "next": null,
      "parent": null,
      "prev": null,
      "type": "root",
      "x-attribsNamespace": Object {},
      "x-attribsPrefix": Object {},
    },
    "type": "tag",
    "x-attribsNamespace": Object {},
    "x-attribsPrefix": Object {},
  },
  "_root": [Circular],
  "length": 1,
  "options": Object {
    "decodeEntities": true,
    "normalizeWhitespace": false,
    "withDomLvl1": true,
    "xml": false,
  },
}
`;
