// Jest Snapshot v1, https://goo.gl/fbAQLP

exports[`Notification renders correctly 1`] = `
initialize {
  "0": Object {
    "attribs": Object {
      "class": "hp-notification",
      "style": "top:65px;left:50%",
    },
    "children": Array [
      Object {
        "attribs": Object {},
        "children": Array [],
        "name": "div",
        "namespace": "http://www.w3.org/1999/xhtml",
        "next": Object {
          "attribs": Object {},
          "children": Array [
            Object {
              "data": "            
            .show-enter {
              opacity: 0;
              transform: scale(1) ;
            }
            .show-enter-active {
              opacity: 1;
              transform: scale(1) translateY(0%);
              transition: all 300ms ease-out;
            }
            .show-exit {
              opacity: 1;
              transform: scale(1) translateY(0%);
            }
            .show-exit-active {
              opacity: 0;
              transform: scale(1) translateY(50%);
              transition: all 300ms ease-out;
            }            
          ",
              "next": null,
              "parent": [Circular],
              "prev": null,
              "type": "text",
            },
          ],
          "name": "style",
          "namespace": "http://www.w3.org/1999/xhtml",
          "next": null,
          "parent": [Circular],
          "prev": [Circular],
          "type": "style",
          "x-attribsNamespace": Object {},
          "x-attribsPrefix": Object {},
        },
        "parent": [Circular],
        "prev": null,
        "type": "tag",
        "x-attribsNamespace": Object {},
        "x-attribsPrefix": Object {},
      },
      Object {
        "attribs": Object {},
        "children": Array [
          Object {
            "data": "            
            .show-enter {
              opacity: 0;
              transform: scale(1) ;
            }
            .show-enter-active {
              opacity: 1;
              transform: scale(1) translateY(0%);
              transition: all 300ms ease-out;
            }
            .show-exit {
              opacity: 1;
              transform: scale(1) translateY(0%);
            }
            .show-exit-active {
              opacity: 0;
              transform: scale(1) translateY(50%);
              transition: all 300ms ease-out;
            }            
          ",
            "next": null,
            "parent": [Circular],
            "prev": null,
            "type": "text",
          },
        ],
        "name": "style",
        "namespace": "http://www.w3.org/1999/xhtml",
        "next": null,
        "parent": [Circular],
        "prev": Object {
          "attribs": Object {},
          "children": Array [],
          "name": "div",
          "namespace": "http://www.w3.org/1999/xhtml",
          "next": [Circular],
          "parent": [Circular],
          "prev": null,
          "type": "tag",
          "x-attribsNamespace": Object {},
          "x-attribsPrefix": Object {},
        },
        "type": "style",
        "x-attribsNamespace": Object {},
        "x-attribsPrefix": Object {},
      },
    ],
    "name": "div",
    "namespace": "http://www.w3.org/1999/xhtml",
    "next": null,
    "parent": null,
    "prev": null,
    "root": Object {
      "attribs": Object {},
      "children": Array [
        [Circular],
      ],
      "name": "root",
      "namespace": "http://www.w3.org/1999/xhtml",
      "next": null,
      "parent": null,
      "prev": null,
      "type": "root",
      "x-attribsNamespace": Object {},
      "x-attribsPrefix": Object {},
    },
    "type": "tag",
    "x-attribsNamespace": Object {
      "class": undefined,
      "style": undefined,
    },
    "x-attribsPrefix": Object {
      "class": undefined,
      "style": undefined,
    },
  },
  "_root": [Circular],
  "length": 1,
  "options": Object {
    "decodeEntities": true,
    "normalizeWhitespace": false,
    "withDomLvl1": true,
    "xml": false,
  },
}
`;
