// Jest Snapshot v1, https://goo.gl/fbAQLP

exports[`Calendar renders correctly 1`] = `
"<header class=\\"select-header\\"><span>&#x4F60;&#x5F53;&#x524D;&#x6B63;&#x5728;&#x9009;&#x62E9;&#x7684;&#x65E5;&#x671F;&#x662F;: </span><select><option value=\\"1970\\">1970</option><option value=\\"1971\\">1971</option><option value=\\"1972\\">1972</option><option value=\\"1973\\">1973</option><option value=\\"1974\\">1974</option><option value=\\"1975\\">1975</option><option value=\\"1976\\">1976</option><option value=\\"1977\\">1977</option><option value=\\"1978\\">1978</option><option value=\\"1979\\">1979</option><option value=\\"1980\\">1980</option><option value=\\"1981\\">1981</option><option value=\\"1982\\">1982</option><option value=\\"1983\\">1983</option><option value=\\"1984\\">1984</option><option value=\\"1985\\">1985</option><option value=\\"1986\\">1986</option><option value=\\"1987\\">1987</option><option value=\\"1988\\">1988</option><option value=\\"1989\\">1989</option><option value=\\"1990\\">1990</option><option value=\\"1991\\">1991</option><option value=\\"1992\\">1992</option><option value=\\"1993\\">1993</option><option value=\\"1994\\">1994</option><option value=\\"1995\\">1995</option><option value=\\"1996\\">1996</option><option value=\\"1997\\">1997</option><option value=\\"1998\\">1998</option><option value=\\"1999\\">1999</option><option value=\\"2000\\">2000</option><option value=\\"2001\\">2001</option><option value=\\"2002\\">2002</option><option value=\\"2003\\">2003</option><option value=\\"2004\\">2004</option><option value=\\"2005\\">2005</option><option value=\\"2006\\">2006</option><option value=\\"2007\\">2007</option><option value=\\"2008\\">2008</option><option value=\\"2009\\">2009</option><option value=\\"2010\\">2010</option><option value=\\"2011\\">2011</option><option value=\\"2012\\">2012</option><option value=\\"2013\\">2013</option><option value=\\"2014\\">2014</option><option value=\\"2015\\">2015</option><option value=\\"2016\\">2016</option><option value=\\"2017\\">2017</option><option value=\\"2018\\">2018</option><option selected value=\\"2019\\">2019</option><option value=\\"2020\\">2020</option><option value=\\"2021\\">2021</option><option value=\\"2022\\">2022</option><option value=\\"2023\\">2023</option><option value=\\"2024\\">2024</option><option value=\\"2025\\">2025</option><option value=\\"2026\\">2026</option><option value=\\"2027\\">2027</option><option value=\\"2028\\">2028</option><option value=\\"2029\\">2029</option><option value=\\"2030\\">2030</option></select><span> &#x5E74; </span><select><option value=\\"1\\">1</option><option value=\\"2\\">2</option><option value=\\"3\\">3</option><option value=\\"4\\">4</option><option value=\\"5\\">5</option><option value=\\"6\\">6</option><option value=\\"7\\">7</option><option value=\\"8\\">8</option><option value=\\"9\\">9</option><option value=\\"10\\">10</option><option selected value=\\"11\\">11</option><option value=\\"12\\">12</option></select><span> &#x6708; </span><select><option value=\\"1\\">1</option><option value=\\"2\\">2</option><option value=\\"3\\">3</option><option value=\\"4\\">4</option><option value=\\"5\\">5</option><option value=\\"6\\">6</option><option value=\\"7\\">7</option><option value=\\"8\\">8</option><option value=\\"9\\">9</option><option value=\\"10\\">10</option><option value=\\"11\\">11</option><option value=\\"12\\">12</option><option value=\\"13\\">13</option><option value=\\"14\\">14</option><option selected value=\\"15\\">15</option><option value=\\"16\\">16</option><option value=\\"17\\">17</option><option value=\\"18\\">18</option><option value=\\"19\\">19</option><option value=\\"20\\">20</option><option value=\\"21\\">21</option><option value=\\"22\\">22</option><option value=\\"23\\">23</option><option value=\\"24\\">24</option><option value=\\"25\\">25</option><option value=\\"26\\">26</option><option value=\\"27\\">27</option><option value=\\"28\\">28</option><option value=\\"29\\">29</option><option value=\\"30\\">30</option></select><span> &#x65E5; </span><select><option selected value=\\"0\\">0</option><option value=\\"1\\">1</option><option value=\\"2\\">2</option><option value=\\"3\\">3</option><option value=\\"4\\">4</option><option value=\\"5\\">5</option><option value=\\"6\\">6</option><option value=\\"7\\">7</option><option value=\\"8\\">8</option><option value=\\"9\\">9</option><option value=\\"10\\">10</option><option value=\\"11\\">11</option><option value=\\"12\\">12</option><option value=\\"13\\">13</option><option value=\\"14\\">14</option><option value=\\"15\\">15</option><option value=\\"16\\">16</option><option value=\\"17\\">17</option><option value=\\"18\\">18</option><option value=\\"19\\">19</option><option value=\\"20\\">20</option><option value=\\"21\\">21</option><option value=\\"22\\">22</option><option value=\\"23\\">23</option></select><span> &#x65F6; </span><select><option selected value=\\"0\\">0</option><option value=\\"1\\">1</option><option value=\\"2\\">2</option><option value=\\"3\\">3</option><option value=\\"4\\">4</option><option value=\\"5\\">5</option><option value=\\"6\\">6</option><option value=\\"7\\">7</option><option value=\\"8\\">8</option><option value=\\"9\\">9</option><option value=\\"10\\">10</option><option value=\\"11\\">11</option><option value=\\"12\\">12</option><option value=\\"13\\">13</option><option value=\\"14\\">14</option><option value=\\"15\\">15</option><option value=\\"16\\">16</option><option value=\\"17\\">17</option><option value=\\"18\\">18</option><option value=\\"19\\">19</option><option value=\\"20\\">20</option><option value=\\"21\\">21</option><option value=\\"22\\">22</option><option value=\\"23\\">23</option><option value=\\"24\\">24</option><option value=\\"25\\">25</option><option value=\\"26\\">26</option><option value=\\"27\\">27</option><option value=\\"28\\">28</option><option value=\\"29\\">29</option><option value=\\"30\\">30</option><option value=\\"31\\">31</option><option value=\\"32\\">32</option><option value=\\"33\\">33</option><option value=\\"34\\">34</option><option value=\\"35\\">35</option><option value=\\"36\\">36</option><option value=\\"37\\">37</option><option value=\\"38\\">38</option><option value=\\"39\\">39</option><option value=\\"40\\">40</option><option value=\\"41\\">41</option><option value=\\"42\\">42</option><option value=\\"43\\">43</option><option value=\\"44\\">44</option><option value=\\"45\\">45</option><option value=\\"46\\">46</option><option value=\\"47\\">47</option><option value=\\"48\\">48</option><option value=\\"49\\">49</option><option value=\\"50\\">50</option><option value=\\"51\\">51</option><option value=\\"52\\">52</option><option value=\\"53\\">53</option><option value=\\"54\\">54</option><option value=\\"55\\">55</option><option value=\\"56\\">56</option><option value=\\"57\\">57</option><option value=\\"58\\">58</option><option value=\\"59\\">59</option></select><span> &#x5206; </span><select><option selected value=\\"0\\">0</option><option value=\\"1\\">1</option><option value=\\"2\\">2</option><option value=\\"3\\">3</option><option value=\\"4\\">4</option><option value=\\"5\\">5</option><option value=\\"6\\">6</option><option value=\\"7\\">7</option><option value=\\"8\\">8</option><option value=\\"9\\">9</option><option value=\\"10\\">10</option><option value=\\"11\\">11</option><option value=\\"12\\">12</option><option value=\\"13\\">13</option><option value=\\"14\\">14</option><option value=\\"15\\">15</option><option value=\\"16\\">16</option><option value=\\"17\\">17</option><option value=\\"18\\">18</option><option value=\\"19\\">19</option><option value=\\"20\\">20</option><option value=\\"21\\">21</option><option value=\\"22\\">22</option><option value=\\"23\\">23</option><option value=\\"24\\">24</option><option value=\\"25\\">25</option><option value=\\"26\\">26</option><option value=\\"27\\">27</option><option value=\\"28\\">28</option><option value=\\"29\\">29</option><option value=\\"30\\">30</option><option value=\\"31\\">31</option><option value=\\"32\\">32</option><option value=\\"33\\">33</option><option value=\\"34\\">34</option><option value=\\"35\\">35</option><option value=\\"36\\">36</option><option value=\\"37\\">37</option><option value=\\"38\\">38</option><option value=\\"39\\">39</option><option value=\\"40\\">40</option><option value=\\"41\\">41</option><option value=\\"42\\">42</option><option value=\\"43\\">43</option><option value=\\"44\\">44</option><option value=\\"45\\">45</option><option value=\\"46\\">46</option><option value=\\"47\\">47</option><option value=\\"48\\">48</option><option value=\\"49\\">49</option><option value=\\"50\\">50</option><option value=\\"51\\">51</option><option value=\\"52\\">52</option><option value=\\"53\\">53</option><option value=\\"54\\">54</option><option value=\\"55\\">55</option><option value=\\"56\\">56</option><option value=\\"57\\">57</option><option value=\\"58\\">58</option><option value=\\"59\\">59</option></select><span> &#x79D2; </span></header><article class=\\"date-container\\"><span class=\\"day-cell  not-current-month\\">27</span><span class=\\"day-cell  not-current-month\\">28</span><span class=\\"day-cell  not-current-month\\">29</span><span class=\\"day-cell  not-current-month\\">30</span><span class=\\"day-cell  not-current-month\\">31</span><span class=\\"day-cell  \\">01</span><span class=\\"day-cell  \\">02</span><br><span class=\\"day-cell  \\">03</span><span class=\\"day-cell  \\">04</span><span class=\\"day-cell  \\">05</span><span class=\\"day-cell  \\">06</span><span class=\\"day-cell  \\">07</span><span class=\\"day-cell  \\">08</span><span class=\\"day-cell  \\">09</span><br><span class=\\"day-cell  \\">10</span><span class=\\"day-cell  \\">11</span><span class=\\"day-cell  \\">12</span><span class=\\"day-cell  \\">13</span><span class=\\"day-cell  \\">14</span><span class=\\"day-cell active-date \\">15</span><span class=\\"day-cell  \\">16</span><br><span class=\\"day-cell  \\">17</span><span class=\\"day-cell  \\">18</span><span class=\\"day-cell  \\">19</span><span class=\\"day-cell  \\">20</span><span class=\\"day-cell  \\">21</span><span class=\\"day-cell  \\">22</span><span class=\\"day-cell  \\">23</span><br><span class=\\"day-cell  \\">24</span><span class=\\"day-cell  \\">25</span><span class=\\"day-cell  \\">26</span><span class=\\"day-cell  \\">27</span><span class=\\"day-cell  \\">28</span><span class=\\"day-cell  \\">29</span><span class=\\"day-cell  \\">30</span><br><span class=\\"day-cell  not-current-month\\">01</span><span class=\\"day-cell  not-current-month\\">02</span><span class=\\"day-cell  not-current-month\\">03</span><span class=\\"day-cell  not-current-month\\">04</span><span class=\\"day-cell  not-current-month\\">05</span><span class=\\"day-cell  not-current-month\\">06</span><span class=\\"day-cell  not-current-month\\">07</span><br></article><footer><span class=\\"hover-span\\">&#x4E0A;&#x6708;</span><span class=\\"hover-span\\">&#x4E0B;&#x6708;</span><span class=\\"hover-span\\">&#x4E0A;&#x4E00;&#x5E74;</span><span class=\\"hover-span\\">&#x4E0B;&#x4E00;&#x5E74;</span><span class=\\"hover-span\\">&#x4E0A;&#x4E00;&#x5C0F;&#x65F6;</span><span class=\\"hover-span\\">&#x4E0B;&#x4E00;&#x5C0F;&#x65F6;</span></footer><style>
        .date-container {
          margin: 16px;
        }

        .day-cell{
          display: inline-block;
          width: 30px;
          height: 30px;
          cursor: pointer;
          text-align: center;
          line-height: 30px;
          border: 1px solid #f4f4f4;
          margin-left: -1px;
          margin-top: -1px;
          
        }
        .day-cell:nth-child(7n){
          margin-right: 0;
        }

        .hover-span {
          display: inline-block;
          margin-right: 8px;
          cursor: pointer;
          user-select: none;
          border: 1px solid #1EA7FD;
          padding: 4px 6px;
          border-radius: 8px;
          font-size: 12px;
        }

        .active-date {
          color: #1EA7FD;
        }

        .not-current-month {
          color: #96999f;
        }
      </style>"
`;
