// Jest Snapshot v1, https://goo.gl/fbAQLP

exports[`Drag renders correctly 1`] = `
initialize {
  "0": Object {
    "attribs": Object {
      "class": "drag-container",
    },
    "children": Array [
      Object {
        "data": "Test",
        "next": Object {
          "attribs": Object {},
          "children": Array [
            Object {
              "data": "
        .drag-container{
          position:fixed;
          cursor:move;
          -webkit-user-select:none;
          -moz-user-select:none;
          -ms-user-select:none;
          user-select:none;
        }
      ",
              "next": null,
              "parent": [Circular],
              "prev": null,
              "type": "text",
            },
          ],
          "name": "style",
          "namespace": "http://www.w3.org/1999/xhtml",
          "next": null,
          "parent": [Circular],
          "prev": [Circular],
          "type": "style",
          "x-attribsNamespace": Object {},
          "x-attribsPrefix": Object {},
        },
        "parent": [Circular],
        "prev": null,
        "type": "text",
      },
      Object {
        "attribs": Object {},
        "children": Array [
          Object {
            "data": "
        .drag-container{
          position:fixed;
          cursor:move;
          -webkit-user-select:none;
          -moz-user-select:none;
          -ms-user-select:none;
          user-select:none;
        }
      ",
            "next": null,
            "parent": [Circular],
            "prev": null,
            "type": "text",
          },
        ],
        "name": "style",
        "namespace": "http://www.w3.org/1999/xhtml",
        "next": null,
        "parent": [Circular],
        "prev": Object {
          "data": "Test",
          "next": [Circular],
          "parent": [Circular],
          "prev": null,
          "type": "text",
        },
        "type": "style",
        "x-attribsNamespace": Object {},
        "x-attribsPrefix": Object {},
      },
    ],
    "name": "div",
    "namespace": "http://www.w3.org/1999/xhtml",
    "next": null,
    "parent": null,
    "prev": null,
    "root": Object {
      "attribs": Object {},
      "children": Array [
        [Circular],
      ],
      "name": "root",
      "namespace": "http://www.w3.org/1999/xhtml",
      "next": null,
      "parent": null,
      "prev": null,
      "type": "root",
      "x-attribsNamespace": Object {},
      "x-attribsPrefix": Object {},
    },
    "type": "tag",
    "x-attribsNamespace": Object {
      "class": undefined,
    },
    "x-attribsPrefix": Object {
      "class": undefined,
    },
  },
  "_root": [Circular],
  "length": 1,
  "options": Object {
    "decodeEntities": true,
    "normalizeWhitespace": false,
    "withDomLvl1": true,
    "xml": false,
  },
}
`;
